[www.sathyambio.in/index.html]
[backblue.gif]
[fade.gif]
[index.html]
[tiimg.tistatic.com/catalogs/template114104/line.jpg]
[tiimg.tistatic.com/catalogs/template114104/send_email.gif]
[tiimg.tistatic.com/catalogs/template114104/up.png]
[tiimg.tistatic.com/catalogs/template114104/cate-icon.png]
[tiimg.tistatic.com/catalogs/template114104/enquiry_bg_hover.jpg]
[tiimg.tistatic.com/catalogs/template114104/enquiry_bg.jpg]
[tiimg.tistatic.com/catalogs/template114104/left-arrow.png]
[tiimg.tistatic.com/catalogs/template114104/right-arrow.png]
[tiimg.tistatic.com/catalogs/template114104/laung-arrow.png]
[tiimg.tistatic.com/catalogs/template114104/abt-us-bg.jpg]
[tiimg.tistatic.com/catalogs/template114104/map-bg.png]
[tiimg.tistatic.com/catalogs/template114104/bg_direction_nav.png]
[tiimg.tistatic.com/catalogs/template114104/call_me.gif]
[tiimg.tistatic.com/catalogs/template114104/close_icon.png]
[tiimg.tistatic.com/catalogs/template114104/floating-bg.jpg]
[tiimg.tistatic.com/catalogs/template114104/nav-divider.png]
[st.tistatic.com/ver9339/js/utils/jquery.js]
[st.tistatic.com/ver9339/js/utils/jquery-ui/css/sunny/jquery_ui_sunny.css]
[st.tistatic.com/ver9339/css/tradeindia/design2017/intlTelInput.css]
[st.tistatic.com/ver9339/js/mobile_site/search.js]
[st.tistatic.com/ver9339/js/utils/jquery-ui/js/jquery_ui_main.js]
[st.tistatic.com/ver9339/bower_components/jquery-ui/themes/smoothness/jquery-ui.min.css]
[st.tistatic.com/ver9339/css/catalog/slick.css]
[st.tistatic.com/ver9339/js/catalog/slick.min.js]
[www.phonon.in/C4C/closeButton1.png]
[www.google-analytics.com/analytics.js]
[tiimg.tistatic.com/images/l/1/logo_75505.gif]
[tiimg.tistatic.com/catalogs/template114104/send-inq.png]
[www.sathyambio.in/contact-us.html]
[tiimg.tistatic.com/new_website1/general/trust_stamp/trust_stamp_logo_big.gif]
[tiimg.tistatic.com/new_website1/common/lang/en.jpg]
[tiimg.tistatic.com/new_website1/common/lang/es.jpg]
[tiimg.tistatic.com/new_website1/common/lang/fr.jpg]
[tiimg.tistatic.com/new_website1/common/lang/de.jpg]
[tiimg.tistatic.com/new_website1/common/lang/it.jpg]
[tiimg.tistatic.com/new_website1/common/lang/zh_CN.jpg]
[tiimg.tistatic.com/new_website1/common/lang/ja.jpg]
[tiimg.tistatic.com/new_website1/common/lang/ko.jpg]
[tiimg.tistatic.com/new_website1/common/lang/ar.jpg]
[tiimg.tistatic.com/new_website1/common/lang/pt.jpg]
[www.sathyambio.in/company-profile.html]
[www.sathyambio.in/products.html]
[www.sathyambio.in/80-fulvic-acid-2915150.html]
[www.sathyambio.in/nutrient-powder.html]
[www.sathyambio.in/organic-fertilizers.html]
[tiimg.tistatic.com/catalogs/template114104/search-ico.png]
[cpimg.tistatic.com/75505/3/template_photo_1.jpg]
[cpimg.tistatic.com/75505/3/template_photo_2.jpg]
[cpimg.tistatic.com/75505/3/template_photo_3.jpg]
[cpimg.tistatic.com/75505/3/template_photo_4.jpg]
[cpimg.tistatic.com/02915152/b/5/Seaweed-Zyme-Granules.jpg]
[www.sathyambio.in/seaweed-zyme-granules-2915152.html]
[www.sathyambio.in/contact-us03b2.html]
[www.sathyambio.in/amino-acid-50--2915155.html]
[cpimg.tistatic.com/02915155/b/5/Amino-Acid-50-.jpg]
[www.sathyambio.in/contact-us2522.html]
[www.sathyambio.in/amino-acid-80--2915154.html]
[cpimg.tistatic.com/02915154/b/5/Amino-Acid-80-.jpg]
[www.sathyambio.in/contact-usa6e2.html]
[st.tistatic.com/ver9339/js/utils/tooltip/wz_tooltip.js]
[st.tistatic.com/ver9339/js/utils/tooltip/tip_balloon.js]
[tiimg.tistatic.com/new_website1/common/domestic-icon.gif]
[www.sathyambio.in/utils/sms_nowec36.html]
[tiimg.tistatic.com/new_website1/common/tradeindiamember.gif]
[www.sathyambio.in/sitemap.html]
[tiimg.tistatic.com/catalogs/js/114102/theme.js]
[st.tistatic.com/ver9339/js/tradeindia/design2017/intlTelInput.js]
[st.tistatic.com/ver9339/js/payments/jquery.validate.js]
[st.tistatic.com/ver9339/css/catalog/request_a_callback.css]
[www.sathyambio.in/component/utils/attachment_popupcc4d.html]
[tiimg.tistatic.com/new_website1/catalogs/common-icons/Arrow.png]
[www.sathyambio.in/index.html]
[st.tistatic.com/ver9339/js/utils/jquery-ui/css/sunny/jquery_ui_sunny.css]
[tiimg.tistatic.com/new_website1/ti-design-2017/images/flags/flags.png]
[st.tistatic.com/ver9339/css/tradeindia/design2017/intlTelInput.css]
[st.tistatic.com/ver9339/bower_components/jquery-ui/themes/smoothness/images/ui-bg_highlight-soft_75_cccccc_1x100.png]
[st.tistatic.com/ver9339/bower_components/jquery-ui/themes/smoothness/images/ui-bg_glass_75_e6e6e6_1x400.png]
[st.tistatic.com/ver9339/bower_components/jquery-ui/themes/smoothness/images/ui-bg_glass_75_dadada_1x400.png]
[st.tistatic.com/ver9339/bower_components/jquery-ui/themes/smoothness/images/ui-bg_glass_65_ffffff_1x400.png]
[st.tistatic.com/ver9339/bower_components/jquery-ui/themes/smoothness/images/ui-bg_glass_55_fbf9ee_1x400.png]
[st.tistatic.com/ver9339/bower_components/jquery-ui/themes/smoothness/images/ui-bg_glass_95_fef1ec_1x400.png]
[st.tistatic.com/ver9339/bower_components/jquery-ui/themes/smoothness/images/ui-icons_222222_256x240.png]
[st.tistatic.com/ver9339/bower_components/jquery-ui/themes/smoothness/images/ui-icons_454545_256x240.png]
[st.tistatic.com/ver9339/bower_components/jquery-ui/themes/smoothness/images/ui-icons_2e83ff_256x240.png]
[st.tistatic.com/ver9339/bower_components/jquery-ui/themes/smoothness/images/ui-icons_cd0a0a_256x240.png]
[st.tistatic.com/ver9339/bower_components/jquery-ui/themes/smoothness/jquery-ui.min.css]
[st.tistatic.com/ver9339/bower_components/jquery-ui/themes/smoothness/images/ui-icons_888888_256x240.png]
[st.tistatic.com/ver9339/css/catalog/slick.css]
[www.sathyambio.in/Trident/index.html]
[orig-img-gce.tradeindia.com/catalogs/template114104/line.jpg]
[orig-img-gce.tradeindia.com/catalogs/template114104/send_email.gif]
[orig-img-gce.tradeindia.com/catalogs/template114104/up.png]
[orig-img-gce.tradeindia.com/catalogs/template114104/cate-icon.png]
[orig-img-gce.tradeindia.com/catalogs/template114104/enquiry_bg_hover.jpg]
[orig-img-gce.tradeindia.com/catalogs/template114104/enquiry_bg.jpg]
[orig-img-gce.tradeindia.com/catalogs/template114104/left-arrow.png]
[orig-img-gce.tradeindia.com/catalogs/template114104/right-arrow.png]
[orig-img-gce.tradeindia.com/catalogs/template114104/laung-arrow.png]
[orig-img-gce.tradeindia.com/catalogs/template114104/abt-us-bg.jpg]
[orig-img-gce.tradeindia.com/catalogs/template114104/map-bg.png]
[orig-img-gce.tradeindia.com/catalogs/template114104/bg_direction_nav.png]
[orig-img-gce.tradeindia.com/catalogs/template114104/call_me.gif]
[orig-img-gce.tradeindia.com/catalogs/template114104/close_icon.png]
[orig-img-gce.tradeindia.com/catalogs/template114104/floating-bg.jpg]
[orig-img-gce.tradeindia.com/catalogs/template114104/nav-divider.png]
[orig-st-gce.tradeindia.com/ver9339/js/mobile_site/search.js]
[orig-st-gce.tradeindia.com/ver9339/js/utils/jquery-ui/js/jquery_ui_main.js]
[orig-st-gce.tradeindia.com/ver9339/js/catalog/slick.min.js]
[orig-img-gce.tradeindia.com/images/l/1/logo_75505.gif]
[orig-img-gce.tradeindia.com/catalogs/template114104/send-inq.png]
[orig-img-gce.tradeindia.com/new_website1/common/lang/en.jpg]
[orig-img-gce.tradeindia.com/new_website1/common/lang/es.jpg]
[orig-img-gce.tradeindia.com/new_website1/common/lang/fr.jpg]
[orig-img-gce.tradeindia.com/new_website1/common/lang/de.jpg]
[orig-img-gce.tradeindia.com/new_website1/common/lang/it.jpg]
[orig-img-gce.tradeindia.com/new_website1/common/lang/zh_CN.jpg]
[orig-img-gce.tradeindia.com/new_website1/common/lang/ja.jpg]
[orig-img-gce.tradeindia.com/new_website1/common/lang/ko.jpg]
[orig-img-gce.tradeindia.com/new_website1/common/lang/ar.jpg]
[orig-img-gce.tradeindia.com/new_website1/common/lang/pt.jpg]
[orig-img-gce.tradeindia.com/catalogs/template114104/search-ico.png]
[orig-st-gce.tradeindia.com/ver9339/js/utils/jquery.js]
[orig-st-gce.tradeindia.com/ver9339/js/utils/tooltip/wz_tooltip.js]
[orig-st-gce.tradeindia.com/ver9339/js/utils/tooltip/tip_balloon.js]
[orig-st-gce.tradeindia.com/ver9339/js/utils/jquery-plugins/jquery.cookie.js]
[orig-st-gce.tradeindia.com/ver9339/js/payments/jquery.validate.js]
[orig-st-gce.tradeindia.com/ver9339/js/tradeindia/design2017/intlTelInput.js]
[orig-st-gce.tradeindia.com/ver9339/js/inquiry-form.js]
[orig-img-gce.tradeindia.com/new_website1/common/domestic-icon.gif]
[orig-img-gce.tradeindia.com/new_website1/common/tradeindiamember.gif]
[orig-img-gce.tradeindia.com/new_website1/catalogs/common-icons/Arrow.png]
[www.sathyambio.in/contact-us.html]
[opimg-gce.tradeindia.com/75505/3/template_photo_company-profile.jpg]
[orig-img-gce.tradeindia.com/cimages/79/75505/Iso_75505.jpg]
[www.sathyambio.in/company-profile.html]
[opimg-gce.tradeindia.com/75505/3/template_photo_products.jpg]
[opimg-gce.tradeindia.com/02915150/b/5/80-Fulvic-Acid.jpg]
[opimg-gce.tradeindia.com/06730539/b/4/Seaweed-Extract-Gel.jpg]
[www.sathyambio.in/super-potassium-f-humate-shiny-flakes-2915147.html]
[www.sathyambio.in/seaweed-extract-2915153.html]
[www.sathyambio.in/seaweed-extract-powder-2915151.html]
[www.sathyambio.in/specialized-seaweed-gel-6295836.html]
[www.sathyambio.in/products.html]
[www.sathyambio.in/seaweed-extract-gel-6730539.html]
[thestagingurl.tradeindia.com/custom_headers/gallery/dist/simple-lightbox.js]
[orig-st-gce.tradeindia.com/ver9339/js/catalog/custom_function.js]
[orig-st-gce.tradeindia.com/ver9339/js/catalog/jssocials.min.js]
[www.sathyambio.in/Exporters_Suppliers/Exporters/hp/scripts/send_inquiry_popupb456.html]
[www.sathyambio.in/80-fulvic-acid-2915150.html]
[www.sathyambio.in/nutrient-powder.html]
[opimg-gce.tradeindia.com/06295836/b/4/Specialized-Seaweed-Gel.jpg]
[opimg-gce.tradeindia.com/02915152/b/5/Seaweed-Zyme-Granules.jpg]
[opimg-gce.tradeindia.com/02915155/b/5/Amino-Acid-50-.jpg]
[opimg-gce.tradeindia.com/02915147/b/5/Super-Potassium-F-Humate-Shiny-Flakes.jpg]
[opimg-gce.tradeindia.com/02915154/b/5/Amino-Acid-80-.jpg]
[opimg-gce.tradeindia.com/02915151/b/5/Seaweed-Extract-Powder.jpg]
[opimg-gce.tradeindia.com/02915153/b/4/Seaweed-Extract.jpg]
[www.sathyambio.in/Exporters_Suppliers/Exporters/hp/CATALOGID/organic-fertilizers.html]
[orig-st-gce.tradeindia.com/ver9339/js/catalog_send_inquiry/inquiry_popup.js]
[www.sathyambio.in/organic-fertilizers.html]
[opimg-gce.tradeindia.com/02915147/b/5/Super-Potassium-F-Humate-Shiny-Flakes35c1.jpg]
[opimg-gce.tradeindia.com/02915155/b/5/Amino-Acid-50-35c1.jpg]
[opimg-gce.tradeindia.com/02915154/b/5/Amino-Acid-80-35c1.jpg]
[opimg-gce.tradeindia.com/02915153/b/4/Seaweed-Extract35c1.jpg]
[www.sathyambio.in/seaweed-zyme-granules-2915152.html]
[opimg-gce.tradeindia.com/02915152/s/5/Seaweed-Zyme-Granules.jpg]
[www.sathyambio.in/contact-us03b2.html]
[opimg-gce.tradeindia.com/02915151/b/5/Seaweed-Extract-Powder35c1.jpg]
[opimg-gce.tradeindia.com/02915152/b/5/Seaweed-Zyme-Granules35c1.jpg]
[www.sathyambio.in/amino-acid-50--2915155.html]
[opimg-gce.tradeindia.com/02915155/s/5/Amino-Acid-50-.jpg]
[www.sathyambio.in/contact-us2522.html]
[opimg-gce.tradeindia.com/06295793/s/5/extra-06295793.jpg]
[opimg-gce.tradeindia.com/06295793/b/5/extra-06295793.jpg]
[www.sathyambio.in/amino-acid-80--2915154.html]
[opimg-gce.tradeindia.com/02915154/s/5/Amino-Acid-80-.jpg]
[www.sathyambio.in/contact-usa6e2.html]
[st.tistatic.com/ver9339/combine_css_js74fa.css]
[st.tistatic.com/ver9339/js/c2c/CallmePopup.js]
[st.tistatic.com/ver9339/combine_css_jsc64b.css]
[st.tistatic.com/ver9339/combine_css_js6da1.php]
[st.tistatic.com/ver9339/combine_css_jscc4f.css]
[st.tistatic.com/ver9339/combine_css_js56b2.php]
[st.tistatic.com/ver9339/js/utils/jquery-ui/images/pbar-ani.gif]
[tiimg.tistatic.com/new_website1/common/send-sms.jpg]
[st.tistatic.com/ver9339/combine_css_js3fe6.php]
[www.googleadservices.com/pagead/f.txt]
[www.sathyambio.in/utils/sms_nowec36.html]
[www.sathyambio.in/sitemap.html]
[tiimg.tistatic.com/new_website1/ti-design/images/down-arrow-icon.png]
[st.tistatic.com/ver9339/css/catalog/request_a_callback.css]
[img.tradeindia.com/new_website1/general/closebutton.gif]
[www.sathyambio.in/component/utils/attachment_popupcc4d.html]
[tiimg.tistatic.com/new_website1/ti-design-2017/images/flags/flags@2x.png]
[orig-st-gce.tradeindia.com/ver9339/css/tradeindia/design2017/intlTelInput.css]
[orig-st-gce.tradeindia.com/ver9339/bower_components/jquery-ui/themes/smoothness/images/ui-bg_highlight-soft_75_cccccc_1x100.png]
[orig-st-gce.tradeindia.com/ver9339/bower_components/jquery-ui/themes/smoothness/images/ui-bg_glass_75_e6e6e6_1x400.png]
[orig-st-gce.tradeindia.com/ver9339/bower_components/jquery-ui/themes/smoothness/images/ui-bg_glass_75_dadada_1x400.png]
[orig-st-gce.tradeindia.com/ver9339/bower_components/jquery-ui/themes/smoothness/images/ui-bg_glass_65_ffffff_1x400.png]
[orig-st-gce.tradeindia.com/ver9339/bower_components/jquery-ui/themes/smoothness/images/ui-bg_glass_55_fbf9ee_1x400.png]
[orig-st-gce.tradeindia.com/ver9339/bower_components/jquery-ui/themes/smoothness/images/ui-bg_glass_95_fef1ec_1x400.png]
[orig-st-gce.tradeindia.com/ver9339/bower_components/jquery-ui/themes/smoothness/images/ui-icons_222222_256x240.png]
[orig-st-gce.tradeindia.com/ver9339/bower_components/jquery-ui/themes/smoothness/images/ui-icons_454545_256x240.png]
[orig-st-gce.tradeindia.com/ver9339/bower_components/jquery-ui/themes/smoothness/images/ui-icons_2e83ff_256x240.png]
[orig-st-gce.tradeindia.com/ver9339/bower_components/jquery-ui/themes/smoothness/images/ui-icons_cd0a0a_256x240.png]
[orig-st-gce.tradeindia.com/ver9339/bower_components/jquery-ui/themes/smoothness/images/ui-icons_888888_256x240.png]
[orig-st-gce.tradeindia.com/ver9339/bower_components/jquery-ui/themes/smoothness/jquery-ui.min.css]
[orig-st-gce.tradeindia.com/ver9339/css/catalog/slick.css]
[img.tradeindia.com/new_website1/ti-design-2017/images/down-arrow.png]
[orig-st-gce.tradeindia.com/ver9339/css/inquiry-form.css]
[orig-st-gce.tradeindia.com/ver9339/js/utils/jquery-ui/css/sunny/jquery_ui_sunny.css]
[tiimg.tistatic.com/new_website1/common/send-inq.jpg]
[orig-st-gce.tradeindia.com/ver9339/css/contact_us_form.css]
[orig-st-gce.tradeindia.com/ver9339/css/catalog/request_a_callback.css]
[opimg-gce.tradeindia.com/06295789/s/5/extra-06295789.jpg]
[opimg-gce.tradeindia.com/06295790/s/5/extra-06295790.jpg]
[opimg-gce.tradeindia.com/06295789/b/5/extra-06295789.jpg]
[opimg-gce.tradeindia.com/06295790/b/5/extra-06295790.jpg]
[www.sathyambio.in/super-potassium-f-humate-shiny-flakes-2915147.html]
[www.sathyambio.in/seaweed-extract-2915153.html]
[www.sathyambio.in/seaweed-extract-powder-2915151.html]
[opimg-gce.tradeindia.com/06295837/s/4/extra-06295837.jpg]
[opimg-gce.tradeindia.com/06295837/b/4/extra-06295837.jpg]
[www.sathyambio.in/specialized-seaweed-gel-6295836.html]
[www.sathyambio.in/seaweed-extract-gel-6730539.html]
[tiimg.tistatic.com/new_website1/showroom-page/left-arrow.png]
[tiimg.tistatic.com/new_website1/showroom-page/right-arrow.png]
[tiimg.tistatic.com/new_website1/ti-design/catalog/images/video-icon.png]
[orig-st-gce.tradeindia.com/ver9339/css/catalog/theme1.css]
[orig-st-gce.tradeindia.com/ver9339/css/catalog/jssocials.css]
[orig-st-gce.tradeindia.com/ver9339/css/catalog/breadcrumb.css]
[st.tistatic.com/ver9339/css/inquiry-form-popup.css]
[st.tistatic.com/ver9339/js/catalog/send_inquiry.js]
[www.sathyambio.in/Exporters_Suppliers/Exporters/hp/scripts/send_inquiry_popupb456.html]
[orig-st-gce.tradeindia.com/ver9339/css/catalog/fixed_send_inq.css]
[orig-st-gce.tradeindia.com/ver9339/css/catalog/get-price.css]
[orig-st-gce.tradeindia.com/ver9339/css/catalog_send_inquiry/inquiry_popup.css]
[orig-st-gce.tradeindia.com/ver9339/css/catalog_category_page/full_list_view.css]
[www.sathyambio.in/Exporters_Suppliers/Exporters/hp/CATALOGID/organic-fertilizers.html]
[st.tistatic.com/ver9339/js/tradeindia/design2017/seller-profile/jquery-ui-min.js]
[st.tistatic.com/ver9339/chromebg.gif]
[st.tistatic.com/ver9339/chromebg-over.gif]
[tiimg.tistatic.com/new_website1/ti-new-design-ver3/send-sms-icon.png]
[tiimg.tistatic.com/new_website1/ti-new-design-ver3/template-sprite-v1.png]
[st.tistatic.com/ver9339/ie-css3.htc]
[tiimg.tistatic.com/new_website1/ti-new-design-ver3/list-arrow.png]
[tiimg.tistatic.com/new_website1/ti-new-design-ver3/buyer-section-icon.png]
[tiimg.tistatic.com/new_website1/ti-new-design-ver3/search-icon.png]
[tiimg.tistatic.com/new_website1/common/form_input.gif]
[tiimg.tistatic.com/new_website1/common/tips-arow.png]
[tiimg.tistatic.com/new_website1/ti-homepage-ver4/header-images/mobile-app-icon.png]
[tiimg.tistatic.com/new_website1/ti-new-design-ver3/footer-base-line.jpg]
[st.tistatic.com/ver9339/combine_css_js74fa.css]
[tiimg.tistatic.com/tradeindia.com/2008/images/c.gif]
[tiimg.tistatic.com/tradeindia.com/2008/images/b.gif]
[st.tistatic.com/ver9339/combine_css_jsc64b.css]
[tiimg.tistatic.com/new_website1/ti-homepage-ver4/flags16.png]
[st.tistatic.com/ver9339/combine_css_jscc4f.css]
[orig-st-gce.tradeindia.com/ver9339/css/catalog/sitemap.css]
[orig-st-gce.tradeindia.com/ver9185/css/catalog/theme1.css]
[orig-st-gce.tradeindia.com/ver9339/css/images/left-arrow.html]
[orig-st-gce.tradeindia.com/ver9339/css/images/right-arrow.html]
[st.tistatic.com/ver9339/css/inquiry-form-popup.css]
[st.tistatic.com/ver9339/chromebg.html]
[st.tistatic.com/ver9339/chromebg-over.html]
[st.tistatic.com/ver9339/ie-css3.html]
[orig-st-gce.tradeindia.com/ver9185/css/images/left-arrow.html]
[orig-st-gce.tradeindia.com/ver9185/css/images/right-arrow.html]
[www.sathyambio.in/component/utils/attachment_popupf2f2.html]
[www.sathyambio.in/component/utils/attachment_popupb7d0.html]
